// Jest Snapshot v1, https://goo.gl/fbAQLP

exports[`NewsAndAlerts renders correctly 1`] = `ShallowWrapper {}`;
