// Jest Snapshot v1, https://goo.gl/fbAQLP

exports[`SisuCreateAccount renders correctly 1`] = `ShallowWrapper {}`;
