// Jest Snapshot v1, https://goo.gl/fbAQLP

exports[`SisuForgotPassword renders correctly 1`] = `ShallowWrapper {}`;
