// Jest Snapshot v1, https://goo.gl/fbAQLP

exports[`HomeSmallChart renders correctly 1`] = `
<div
  style={
    Object {
      "height": 100,
      "width": 200,
    }
  }
/>
`;
