// Jest Snapshot v1, https://goo.gl/fbAQLP

exports[`HomeCharts renders correctly 1`] = `
<div
  className="MainhomeRight"
/>
`;
