// Jest Snapshot v1, https://goo.gl/fbAQLP

exports[`MetricsNewEntry renders correctly 1`] = `null`;
