// Jest Snapshot v1, https://goo.gl/fbAQLP

exports[`NewMetric renders correctly 1`] = `null`;
