// Jest Snapshot v1, https://goo.gl/fbAQLP

exports[`ChartBubbles renders correctly 1`] = `ShallowWrapper {}`;
