// Jest Snapshot v1, https://goo.gl/fbAQLP

exports[`AdminTools renders correctly 1`] = `ShallowWrapper {}`;
