// Jest Snapshot v1, https://goo.gl/fbAQLP

exports[`EncyclopediaTermSearchResults renders correctly 1`] = `null`;
