// Jest Snapshot v1, https://goo.gl/fbAQLP

exports[`ProfileTherapyAndVaccines renders correctly 1`] = `<div />`;
