// Jest Snapshot v1, https://goo.gl/fbAQLP

exports[`ProfileBasicInformation renders correctly 1`] = `
<form
  className="ant-form ant-form-horizontal ant-form-hide-required-mark mainProfileBasicInformation"
  id="profileBasicInformationForm"
  onSubmit={[Function]}
>
  <div
    className="ant-card undefined customCardContainer ant-card-bordered"
    style={
      Object {
        "background": "rgba(255, 255, 255, 0.8)",
      }
    }
  >
    <div
      className="ant-card-body"
      style={Object {}}
    >
      <div
        className="cardHeaderProfile"
      />
      <div
        className="ant-row"
        style={
          Object {
            "marginLeft": -16,
            "marginRight": -16,
          }
        }
      >
        <div
          className="ant-col ant-col-xs-24 ant-col-lg-12"
          style={
            Object {
              "paddingLeft": 16,
              "paddingRight": 16,
            }
          }
        >
          <div>
            <div>
              <div
                className="ant-row ant-form-item"
                style={Object {}}
              >
                <div
                  className="ant-col ant-form-item-control-wrapper"
                  style={Object {}}
                >
                  <div
                    className="ant-form-item-control"
                  >
                    <span
                      className="ant-form-item-children"
                    />
                  </div>
                </div>
              </div>
            </div>
            <div>
              <div
                className="ant-row"
                style={
                  Object {
                    "marginLeft": -8,
                    "marginRight": -8,
                  }
                }
              >
                <div
                  className="ant-col monthInput ant-col-xs-10 ant-col-sm-12"
                  style={
                    Object {
                      "paddingLeft": 8,
                      "paddingRight": 8,
                    }
                  }
                >
                  <div
                    className="ant-row ant-form-item"
                    style={Object {}}
                  >
                    <div
                      className="ant-col ant-form-item-control-wrapper"
                      style={Object {}}
                    >
                      <div
                        className="ant-form-item-control"
                      >
                        <span
                          className="ant-form-item-children"
                        >
                          <div
                            className="ant-select ant-select-enabled"
                            onBlur={[Function]}
                            onClick={[Function]}
                            onFocus={[Function]}
                            onMouseDown={[Function]}
                            onMouseOut={[Function]}
                            onMouseUp={[Function]}
                            onTouchStart={[Function]}
                          >
                            <div
                              aria-autocomplete="list"
                              aria-controls="test-uuid"
                              aria-expanded={false}
                              aria-haspopup="true"
                              className="ant-select-selection
            ant-select-selection--single"
                              onKeyDown={[Function]}
                              role="combobox"
                              tabIndex={0}
                            >
                              <div
                                className="ant-select-selection__rendered"
                              />
                              <span
                                className="ant-select-arrow"
                                onClick={[Function]}
                                style={
                                  Object {
                                    "WebkitUserSelect": "none",
                                    "userSelect": "none",
                                  }
                                }
                                unselectable="on"
                              >
                                <i
                                  aria-label="icon: down"
                                  className="anticon anticon-down ant-select-arrow-icon"
                                >
                                  <svg
                                    aria-hidden="true"
                                    className=""
                                    data-icon="down"
                                    fill="currentColor"
                                    focusable="false"
                                    height="1em"
                                    viewBox="64 64 896 896"
                                    width="1em"
                                  >
                                    <path
                                      d="M884 256h-75c-5.1 0-9.9 2.5-12.9 6.6L512 654.2 227.9 262.6c-3-4.1-7.8-6.6-12.9-6.6h-75c-6.5 0-10.3 7.4-6.5 12.7l352.6 486.1c12.8 17.6 39 17.6 51.7 0l352.6-486.1c3.9-5.3.1-12.7-6.4-12.7z"
                                    />
                                  </svg>
                                </i>
                              </span>
                            </div>
                          </div>
                        </span>
                      </div>
                    </div>
                  </div>
                </div>
                <div
                  className="ant-col ageDayInput ant-col-xs-6 ant-col-sm-5"
                  style={
                    Object {
                      "paddingLeft": 8,
                      "paddingRight": 8,
                    }
                  }
                >
                  <div
                    className="ant-row ant-form-item"
                    style={Object {}}
                  >
                    <div
                      className="ant-col ant-form-item-control-wrapper"
                      style={Object {}}
                    >
                      <div
                        className="ant-form-item-control"
                      >
                        <span
                          className="ant-form-item-children"
                        >
                          <div
                            className="ant-select ant-select-enabled"
                            onBlur={[Function]}
                            onClick={[Function]}
                            onFocus={[Function]}
                            onMouseDown={[Function]}
                            onMouseOut={[Function]}
                            onMouseUp={[Function]}
                            onTouchStart={[Function]}
                          >
                            <div
                              aria-autocomplete="list"
                              aria-controls="test-uuid"
                              aria-expanded={false}
                              aria-haspopup="true"
                              className="ant-select-selection
            ant-select-selection--single"
                              onKeyDown={[Function]}
                              role="combobox"
                              tabIndex={0}
                            >
                              <div
                                className="ant-select-selection__rendered"
                              />
                              <span
                                className="ant-select-arrow"
                                onClick={[Function]}
                                style={
                                  Object {
                                    "WebkitUserSelect": "none",
                                    "userSelect": "none",
                                  }
                                }
                                unselectable="on"
                              >
                                <i
                                  aria-label="icon: down"
                                  className="anticon anticon-down ant-select-arrow-icon"
                                >
                                  <svg
                                    aria-hidden="true"
                                    className=""
                                    data-icon="down"
                                    fill="currentColor"
                                    focusable="false"
                                    height="1em"
                                    viewBox="64 64 896 896"
                                    width="1em"
                                  >
                                    <path
                                      d="M884 256h-75c-5.1 0-9.9 2.5-12.9 6.6L512 654.2 227.9 262.6c-3-4.1-7.8-6.6-12.9-6.6h-75c-6.5 0-10.3 7.4-6.5 12.7l352.6 486.1c12.8 17.6 39 17.6 51.7 0l352.6-486.1c3.9-5.3.1-12.7-6.4-12.7z"
                                    />
                                  </svg>
                                </i>
                              </span>
                            </div>
                          </div>
                        </span>
                      </div>
                    </div>
                  </div>
                </div>
                <div
                  className="ant-col YearInput ant-col-xs-8 ant-col-sm-7"
                  style={
                    Object {
                      "paddingLeft": 8,
                      "paddingRight": 8,
                    }
                  }
                >
                  <div
                    className="ant-row ant-form-item"
                    style={Object {}}
                  >
                    <div
                      className="ant-col ant-form-item-control-wrapper"
                      style={Object {}}
                    >
                      <div
                        className="ant-form-item-control"
                      >
                        <span
                          className="ant-form-item-children"
                        >
                          <div
                            className="ant-select ant-select-enabled"
                            onBlur={[Function]}
                            onClick={[Function]}
                            onFocus={[Function]}
                            onMouseDown={[Function]}
                            onMouseOut={[Function]}
                            onMouseUp={[Function]}
                            onTouchStart={[Function]}
                          >
                            <div
                              aria-autocomplete="list"
                              aria-controls="test-uuid"
                              aria-expanded={false}
                              aria-haspopup="true"
                              className="ant-select-selection
            ant-select-selection--single"
                              onKeyDown={[Function]}
                              role="combobox"
                              tabIndex={0}
                            >
                              <div
                                className="ant-select-selection__rendered"
                              />
                              <span
                                className="ant-select-arrow"
                                onClick={[Function]}
                                style={
                                  Object {
                                    "WebkitUserSelect": "none",
                                    "userSelect": "none",
                                  }
                                }
                                unselectable="on"
                              >
                                <i
                                  aria-label="icon: down"
                                  className="anticon anticon-down ant-select-arrow-icon"
                                >
                                  <svg
                                    aria-hidden="true"
                                    className=""
                                    data-icon="down"
                                    fill="currentColor"
                                    focusable="false"
                                    height="1em"
                                    viewBox="64 64 896 896"
                                    width="1em"
                                  >
                                    <path
                                      d="M884 256h-75c-5.1 0-9.9 2.5-12.9 6.6L512 654.2 227.9 262.6c-3-4.1-7.8-6.6-12.9-6.6h-75c-6.5 0-10.3 7.4-6.5 12.7l352.6 486.1c12.8 17.6 39 17.6 51.7 0l352.6-486.1c3.9-5.3.1-12.7-6.4-12.7z"
                                    />
                                  </svg>
                                </i>
                              </span>
                            </div>
                          </div>
                        </span>
                      </div>
                    </div>
                  </div>
                </div>
              </div>
            </div>
          </div>
        </div>
        <div
          className="ant-col ant-col-xs-24 ant-col-lg-12"
          style={
            Object {
              "paddingLeft": 16,
              "paddingRight": 16,
            }
          }
        >
          <div>
            <div
              className="ant-row ant-form-item"
              style={Object {}}
            >
              <div
                className="ant-col ant-form-item-control-wrapper"
                style={Object {}}
              >
                <div
                  className="ant-form-item-control"
                >
                  <span
                    className="ant-form-item-children"
                  />
                </div>
              </div>
            </div>
          </div>
          <div>
            
          </div>
        </div>
      </div>
      <div
        className="ant-row BasicInfoSecRow"
        style={
          Object {
            "marginLeft": -16,
            "marginRight": -16,
          }
        }
      />
    </div>
  </div>
  <div
    className="ant-card undefined customCardContainer ant-card-bordered"
    style={
      Object {
        "background": "rgba(255, 255, 255, 0.8)",
      }
    }
  >
    <div
      className="ant-card-body"
      style={Object {}}
    >
      <div
        className="cardHeaderProfile"
      />
      <div>
        <div
          className="ant-row"
          style={
            Object {
              "marginLeft": -16,
              "marginRight": -16,
            }
          }
        />
      </div>
    </div>
  </div>
</form>
`;
