// Jest Snapshot v1, https://goo.gl/fbAQLP

exports[`ProfileChronicConditions renders correctly 1`] = `<div />`;
