// Jest Snapshot v1, https://goo.gl/fbAQLP

exports[`ProfileFamilyHistory renders correctly 1`] = `<div />`;
