// Jest Snapshot v1, https://goo.gl/fbAQLP

exports[`Hub renders correctly 1`] = `
<section
  className="ant-layout ant-layout-has-sider"
>
  <aside
    className="ant-layout-sider ant-layout-sider-dark"
    style={
      Object {
        "flex": "0 0 280px",
        "maxWidth": "280px",
        "minWidth": "280px",
        "width": "280px",
      }
    }
  >
    <div
      className="ant-layout-sider-children"
    >
      <div
        style={
          Object {
            "width": "100%",
          }
        }
      >
        <div
          className=" undefined"
        >
          <button
            onClick={[Function]}
          >
            <i
              aria-label="icon: left"
              className="anticon anticon-left"
            >
              <svg
                aria-hidden="true"
                className=""
                data-icon="left"
                fill="currentColor"
                focusable="false"
                height="1em"
                viewBox="64 64 896 896"
                width="1em"
              >
                <path
                  d="M724 218.3V141c0-6.7-7.7-10.4-12.9-6.3L260.3 486.8a31.86 31.86 0 0 0 0 50.3l450.8 352.1c5.3 4.1 12.9.4 12.9-6.3v-77.3c0-4.9-2.3-9.6-6.1-12.6l-360-281 360-281.1c3.8-3 6.1-7.7 6.1-12.6z"
                />
              </svg>
            </i>
          </button>
        </div>
        <div
          className="logo undefined"
        />
        <ul
          className="ant-menu ant-menu-light ant-menu-root ant-menu-inline"
          onMouseEnter={[Function]}
          onTransitionEnd={[Function]}
          role="menu"
          style={Object {}}
        >
          <li
            className="ant-menu-item"
            onClick={[Function]}
            onMouseEnter={[Function]}
            onMouseLeave={[Function]}
            role="menuitem"
            style={
              Object {
                "paddingLeft": 24,
                "width": "100%",
              }
            }
          >
            <a
              aria-current={null}
              className="undefined withoutLogin"
              href="/profile"
              onClick={[Function]}
            >
              <i
                aria-label="icon: login"
                className="anticon anticon-login"
                style={
                  Object {
                    "fontSize": "34px",
                    "height": "34px",
                    "margin": "16px 21px",
                  }
                }
              >
                <svg
                  aria-hidden="true"
                  className=""
                  data-icon="login"
                  fill="currentColor"
                  focusable="false"
                  height="1em"
                  viewBox="64 64 896 896"
                  width="1em"
                >
                  <path
                    d="M521.7 82c-152.5-.4-286.7 78.5-363.4 197.7-3.4 5.3.4 12.3 6.7 12.3h70.3c4.8 0 9.3-2.1 12.3-5.8 7-8.5 14.5-16.7 22.4-24.5 32.6-32.5 70.5-58.1 112.7-75.9 43.6-18.4 90-27.8 137.9-27.8 47.9 0 94.3 9.3 137.9 27.8 42.2 17.8 80.1 43.4 112.7 75.9 32.6 32.5 58.1 70.4 76 112.5C865.7 417.8 875 464.1 875 512c0 47.9-9.4 94.2-27.8 137.8-17.8 42.1-43.4 80-76 112.5s-70.5 58.1-112.7 75.9A352.8 352.8 0 0 1 520.6 866c-47.9 0-94.3-9.4-137.9-27.8A353.84 353.84 0 0 1 270 762.3c-7.9-7.9-15.3-16.1-22.4-24.5-3-3.7-7.6-5.8-12.3-5.8H165c-6.3 0-10.2 7-6.7 12.3C234.9 863.2 368.5 942 520.6 942c236.2 0 428-190.1 430.4-425.6C953.4 277.1 761.3 82.6 521.7 82zM395.02 624v-76h-314c-4.4 0-8-3.6-8-8v-56c0-4.4 3.6-8 8-8h314v-76c0-6.7 7.8-10.5 13-6.3l141.9 112a8 8 0 0 1 0 12.6l-141.9 112c-5.2 4.1-13 .4-13-6.3z"
                  />
                </svg>
              </i>
            </a>
          </li>
          <li
            className="ant-menu-item"
            onClick={[Function]}
            onMouseEnter={[Function]}
            onMouseLeave={[Function]}
            role="menuitem"
            style={
              Object {
                "paddingLeft": 24,
                "width": "100%",
              }
            }
          >
            <a
              aria-current="page"
              className="undefined undefined active"
              href="/"
              onClick={[Function]}
              style={Object {}}
            >
              <i
                className="anticon"
                style={
                  Object {
                    "fontSize": "34px",
                    "height": "34px",
                    "margin": "16px 21px",
                  }
                }
              >
                <svg
                  aria-hidden={true}
                  className=""
                  fill="currentColor"
                  focusable="false"
                  height="1em"
                  width="1em"
                >
                  home.svg
                </svg>
              </i>
            </a>
          </li>
          <li
            className="ant-menu-item"
            onClick={[Function]}
            onMouseEnter={[Function]}
            onMouseLeave={[Function]}
            role="menuitem"
            style={
              Object {
                "paddingLeft": 24,
                "width": "100%",
              }
            }
          >
            <a
              aria-current={null}
              className="undefined withoutLogin"
              href="/metrics"
              onClick={[Function]}
            >
              <i
                className="anticon"
                style={
                  Object {
                    "fontSize": "34px",
                    "height": "34px",
                    "margin": "16px 21px",
                  }
                }
              >
                <svg
                  aria-hidden={true}
                  className=""
                  fill="currentColor"
                  focusable="false"
                  height="1em"
                  width="1em"
                >
                  metrics.svg
                </svg>
              </i>
            </a>
          </li>
          <li
            className="ant-menu-item"
            onClick={[Function]}
            onMouseEnter={[Function]}
            onMouseLeave={[Function]}
            role="menuitem"
            style={
              Object {
                "paddingLeft": 24,
                "width": "100%",
              }
            }
          >
            <a
              aria-current={null}
              className="undefined withoutLogin"
              href="/alerts"
              onClick={[Function]}
            >
              <i
                className="anticon"
                style={
                  Object {
                    "fontSize": "34px",
                    "height": "34px",
                    "margin": "16px 21px",
                  }
                }
              >
                <svg
                  aria-hidden={true}
                  className=""
                  fill="currentColor"
                  focusable="false"
                  height="1em"
                  width="1em"
                >
                  news.svg
                </svg>
              </i>
            </a>
          </li>
          <li
            className="ant-menu-item"
            onClick={[Function]}
            onMouseEnter={[Function]}
            onMouseLeave={[Function]}
            role="menuitem"
            style={
              Object {
                "paddingLeft": 24,
                "width": "100%",
              }
            }
          >
            <a
              aria-current={null}
              className="undefined withoutLogin"
              href="/documents"
              onClick={[Function]}
            >
              <i
                className="anticon"
                style={
                  Object {
                    "fontSize": "34px",
                    "height": "34px",
                    "margin": "16px 21px",
                  }
                }
              >
                <svg
                  aria-hidden={true}
                  className=""
                  fill="currentColor"
                  focusable="false"
                  height="1em"
                  width="1em"
                >
                  documents.svg
                </svg>
              </i>
            </a>
          </li>
          <li
            className="ant-menu-item"
            onClick={[Function]}
            onMouseEnter={[Function]}
            onMouseLeave={[Function]}
            role="menuitem"
            style={
              Object {
                "paddingLeft": 24,
                "width": "100%",
              }
            }
          >
            <a
              aria-current={null}
              href="/encyclopedia"
              onClick={[Function]}
            >
              <i
                className="anticon"
                style={
                  Object {
                    "fontSize": "34px",
                    "height": "34px",
                    "margin": "16px 21px",
                  }
                }
              >
                <svg
                  aria-hidden={true}
                  className=""
                  fill="currentColor"
                  focusable="false"
                  height="1em"
                  width="1em"
                >
                  encyclopedia.svg
                </svg>
              </i>
            </a>
          </li>
        </ul>
      </div>
      <div
        className="undefined"
      >
        <a
          href="/about"
          onClick={[Function]}
        />
      </div>
    </div>
  </aside>
  <section
    breakpoint="md"
    className="main_layout_main_inner undefined ant-layout"
    id="main_container"
  >
    <main
      className="undefined undefined ant-layout-content"
    />
  </section>
  
</section>
`;
